
> social-media-management-platform@0.1.0 type-check
> tsc --noEmit

src/hooks/use-inbox-realtime.ts(51,17): error TS2741: Property 'isRead' is missing in type '{ id: any; conversationId: any; senderId: any; content: any; createdAt: Date; isFromUs: boolean; platformMessageId: any; }' but required in type 'MessageDTO'.
